../Core/Src/main.c:114:5:main	16	static
../Core/Src/main.c:181:6:SystemClock_Config	88	static
../Core/Src/main.c:224:13:Servo_Init	16	static
../Core/Src/main.c:241:13:Servo_SetPulse	16	static
../Core/Src/main.c:249:13:Servo_SetAngle	24	static
../Core/Src/main.c:258:13:Servo_UpdateAll	24	static
../Core/Src/main.c:273:13:Stepper_Init	8	static
../Core/Src/main.c:280:13:Stepper_Enable	16	static
../Core/Src/main.c:286:13:Stepper_MoveTo	16	static
../Core/Src/main.c:307:13:Stepper_Stop	8	static
../Core/Src/main.c:314:6:HAL_TIM_PeriodElapsedCallback	24	static
../Core/Src/main.c:353:17:Pot_Read	16	static
../Core/Src/main.c:365:13:Process_Command	96	static
../Core/Src/main.c:442:13:UART_SendString	16	static
../Core/Src/main.c:447:6:HAL_UART_RxCpltCallback	16	static
../Core/Src/main.c:473:6:Error_Handler	4	static,ignoring_inline_asm
